// Jest Snapshot v1, https://goo.gl/fbAQLP

exports[`Chart component should match with snapshot 1`] = `
<div>
  <div
    className="add_url_container"
  >
    <div
      className="MuiFormControl-root MuiTextField-root input"
    >
      <label
        className="MuiFormLabel-root MuiInputLabel-root MuiInputLabel-formControl MuiInputLabel-animated MuiInputLabel-marginDense MuiInputLabel-outlined"
        data-shrink={false}
        htmlFor="outlined-basic"
        id="outlined-basic-label"
      >
        URL
      </label>
      <div
        className="MuiInputBase-root MuiOutlinedInput-root MuiInputBase-formControl MuiInputBase-marginDense MuiOutlinedInput-marginDense"
        onClick={[Function]}
      >
        <input
          aria-invalid={false}
          autoFocus={false}
          className="MuiInputBase-input MuiOutlinedInput-input MuiInputBase-inputMarginDense MuiOutlinedInput-inputMarginDense"
          disabled={false}
          id="outlined-basic"
          onAnimationStart={[Function]}
          onBlur={[Function]}
          onChange={[Function]}
          onFocus={[Function]}
          required={false}
          type="text"
          value=""
        />
        <fieldset
          aria-hidden={true}
          className="PrivateNotchedOutline-root-59 MuiOutlinedInput-notchedOutline"
        >
          <legend
            className="PrivateNotchedOutline-legendLabelled-61"
          >
            <span>
              URL
            </span>
          </legend>
        </fieldset>
      </div>
      
    </div>
    <button
      className="MuiButtonBase-root MuiIconButton-root"
      disabled={false}
      onBlur={[Function]}
      onClick={[Function]}
      onDragLeave={[Function]}
      onFocus={[Function]}
      onKeyDown={[Function]}
      onKeyUp={[Function]}
      onMouseDown={[Function]}
      onMouseLeave={[Function]}
      onMouseUp={[Function]}
      onTouchEnd={[Function]}
      onTouchMove={[Function]}
      onTouchStart={[Function]}
      tabIndex={0}
      type="button"
    >
      <span
        className="MuiIconButton-label"
      >
        <svg
          aria-hidden="true"
          className="MuiSvgIcon-root button_icon"
          focusable="false"
          role="presentation"
          viewBox="0 0 24 24"
        >
          <path
            d="M19 3H5c-1.11 0-2 .9-2 2v14c0 1.1.89 2 2 2h14c1.1 0 2-.9 2-2V5c0-1.1-.9-2-2-2zm-2 10h-4v4h-2v-4H7v-2h4V7h2v4h4v2z"
          />
        </svg>
      </span>
    </button>
  </div>
  <div
    className="copy_block_container"
  >
    <button
      className="MuiButtonBase-root MuiIconButton-root copy_icon"
      disabled={false}
      onBlur={[Function]}
      onClick={[Function]}
      onDragLeave={[Function]}
      onFocus={[Function]}
      onKeyDown={[Function]}
      onKeyUp={[Function]}
      onMouseDown={[Function]}
      onMouseLeave={[Function]}
      onMouseUp={[Function]}
      onTouchEnd={[Function]}
      onTouchMove={[Function]}
      onTouchStart={[Function]}
      tabIndex={0}
      type="button"
    >
      <span
        className="MuiIconButton-label"
      >
        <svg
          aria-hidden="true"
          className="MuiSvgIcon-root"
          focusable="false"
          role="presentation"
          viewBox="0 0 24 24"
        >
          <path
            d="M16 1H4c-1.1 0-2 .9-2 2v14h2V3h12V1zm-1 4l6 6v10c0 1.1-.9 2-2 2H7.99C6.89 23 6 22.1 6 21l.01-14c0-1.1.89-2 1.99-2h7zm-1 7h5.5L14 6.5V12z"
          />
        </svg>
      </span>
    </button>
    <div
      className="MuiFormControl-root MuiTextField-root copy_field"
    >
      <label
        className="MuiFormLabel-root MuiInputLabel-root MuiInputLabel-formControl MuiInputLabel-animated MuiInputLabel-shrink MuiInputLabel-outlined MuiFormLabel-filled"
        data-shrink={true}
        htmlFor="outlined-multiline-static"
        id="outlined-multiline-static-label"
      >
        Copy Block
      </label>
      <div
        className="MuiInputBase-root MuiOutlinedInput-root MuiInputBase-formControl MuiInputBase-multiline MuiOutlinedInput-multiline"
        onClick={[Function]}
      >
        <textarea
          aria-invalid={false}
          autoFocus={false}
          className="MuiInputBase-input MuiOutlinedInput-input MuiInputBase-inputMultiline MuiOutlinedInput-inputMultiline"
          disabled={false}
          id="outlined-multiline-static"
          onAnimationStart={[Function]}
          onBlur={[Function]}
          onChange={[Function]}
          onFocus={[Function]}
          required={false}
          rows={10}
          value="<!--
* Page URL : asd
* Page ID : undefined
* Analystics Host : http://localhost:4040
-->
<script async>
function calcualteTimer() {
  var timer = {};
  var timing = window.performance.timing;
  timer.ttfb = timing.responseStart - timing.requestStart;
  timer.fcp = performance.getEntriesByType(\\"paint\\")[1].startTime;
  timer.doml = timing.domComplete - timing.domLoading;
  timer.wl = timing.loadEventEnd - timing.navigationStart;
  timer.resources = performance.getEntriesByType(\\"resource\\");
  return timer;
}

function sendTimer() {
  var timer = calcualteTimer()
  var body = JSON.stringify(timer);
  fetch(\\"http://localhost:4040/api/sites/undefined/metrics\\", {
      body,
      headers: {
        \\"Content-Type\\": \\"application/json\\",
      },
      method: \\"POST\\",
    }
  )
}

window.addEventListener(\\"load\\", function () {
  setTimeout(sendTimer, 0);
});
</script>"
        />
        <fieldset
          aria-hidden={true}
          className="PrivateNotchedOutline-root-59 MuiOutlinedInput-notchedOutline"
        >
          <legend
            className="PrivateNotchedOutline-legendLabelled-61 PrivateNotchedOutline-legendNotched-62"
          >
            <span>
              Copy Block
            </span>
          </legend>
        </fieldset>
      </div>
    </div>
  </div>
</div>
`;
